// Jest Snapshot v1, https://goo.gl/fbAQLP

exports[`SwapButton test Snapshot before click the SwapButton 1`] = `
Object {
  "asFragment": [Function],
  "baseElement": <body>
    <div>
      <div
        class="converter__container"
      >
        <div
          class="modal-info"
        >
          <div
            class="modal-info__logo"
          >
            <i
              class="ico-Info"
            />
          </div>
          <div
            class="modal-info__container"
          >
            <div
              class="modal-info__header"
            >
              STATUS API
            </div>
          </div>
        </div>
        <div
          class="screen"
        >
          <div
            class="screen-line"
          >
            <span>
              <p
                class="screen-line__current"
                style="font-size: 88px;"
              >
                0
              </p>
              <p
                class="screen-line__currency"
              >
                ₽
              </p>
            </span>
            <div
              class="select"
            >
              <div
                class="select__container-line"
              >
                <select
                  id="selectTest"
                />
              </div>
            </div>
          </div>
          <div
            class="screen-line"
          >
            <span>
              <p
                class="screen-line__current"
                style="font-size: 88px;"
              >
                0
              </p>
              <p
                class="screen-line__currency"
              >
                $
              </p>
            </span>
            <div
              class="select"
            >
              <div
                class="select__container-line"
              >
                <select
                  id="selectTest"
                />
              </div>
            </div>
          </div>
        </div>
        <i
          class="ico-Swap converter__swap-button"
          data-testid="swapBtn"
        />
        <span
          class="converter__update"
        >
          Update rates
        </span>
        <span
          class="converter__switch"
        >
          <p>
            Switch Service:
          </p>
          <div
            class="select"
          >
            <div
              class="select__container-line"
            >
              <select
                id="selectTest"
              />
            </div>
          </div>
        </span>
        <div
          class="keyboard"
        />
      </div>
    </div>
  </body>,
  "container": <div>
    <div
      class="converter__container"
    >
      <div
        class="modal-info"
      >
        <div
          class="modal-info__logo"
        >
          <i
            class="ico-Info"
          />
        </div>
        <div
          class="modal-info__container"
        >
          <div
            class="modal-info__header"
          >
            STATUS API
          </div>
        </div>
      </div>
      <div
        class="screen"
      >
        <div
          class="screen-line"
        >
          <span>
            <p
              class="screen-line__current"
              style="font-size: 88px;"
            >
              0
            </p>
            <p
              class="screen-line__currency"
            >
              ₽
            </p>
          </span>
          <div
            class="select"
          >
            <div
              class="select__container-line"
            >
              <select
                id="selectTest"
              />
            </div>
          </div>
        </div>
        <div
          class="screen-line"
        >
          <span>
            <p
              class="screen-line__current"
              style="font-size: 88px;"
            >
              0
            </p>
            <p
              class="screen-line__currency"
            >
              $
            </p>
          </span>
          <div
            class="select"
          >
            <div
              class="select__container-line"
            >
              <select
                id="selectTest"
              />
            </div>
          </div>
        </div>
      </div>
      <i
        class="ico-Swap converter__swap-button"
        data-testid="swapBtn"
      />
      <span
        class="converter__update"
      >
        Update rates
      </span>
      <span
        class="converter__switch"
      >
        <p>
          Switch Service:
        </p>
        <div
          class="select"
        >
          <div
            class="select__container-line"
          >
            <select
              id="selectTest"
            />
          </div>
        </div>
      </span>
      <div
        class="keyboard"
      />
    </div>
  </div>,
  "debug": [Function],
  "findAllByAltText": [Function],
  "findAllByDisplayValue": [Function],
  "findAllByLabelText": [Function],
  "findAllByPlaceholderText": [Function],
  "findAllByRole": [Function],
  "findAllByTestId": [Function],
  "findAllByText": [Function],
  "findAllByTitle": [Function],
  "findByAltText": [Function],
  "findByDisplayValue": [Function],
  "findByLabelText": [Function],
  "findByPlaceholderText": [Function],
  "findByRole": [Function],
  "findByTestId": [Function],
  "findByText": [Function],
  "findByTitle": [Function],
  "getAllByAltText": [Function],
  "getAllByDisplayValue": [Function],
  "getAllByLabelText": [Function],
  "getAllByPlaceholderText": [Function],
  "getAllByRole": [Function],
  "getAllByTestId": [Function],
  "getAllByText": [Function],
  "getAllByTitle": [Function],
  "getByAltText": [Function],
  "getByDisplayValue": [Function],
  "getByLabelText": [Function],
  "getByPlaceholderText": [Function],
  "getByRole": [Function],
  "getByTestId": [Function],
  "getByText": [Function],
  "getByTitle": [Function],
  "queryAllByAltText": [Function],
  "queryAllByDisplayValue": [Function],
  "queryAllByLabelText": [Function],
  "queryAllByPlaceholderText": [Function],
  "queryAllByRole": [Function],
  "queryAllByTestId": [Function],
  "queryAllByText": [Function],
  "queryAllByTitle": [Function],
  "queryByAltText": [Function],
  "queryByDisplayValue": [Function],
  "queryByLabelText": [Function],
  "queryByPlaceholderText": [Function],
  "queryByRole": [Function],
  "queryByTestId": [Function],
  "queryByText": [Function],
  "queryByTitle": [Function],
  "rerender": [Function],
  "unmount": [Function],
}
`;

exports[`SwapButton test check the onClick the swapButton 1`] = `
"Snapshot Diff:
- First value
+ Second value

@@ -272,11 +272,11 @@
                0
              </p>
              <p
                class=\\"screen-line__currency\\"
              >
-               $
+               ₽
              </p>
            </span>
            <div
              class=\\"select\\"
            >
@@ -300,11 +300,11 @@
                0
              </p>
              <p
                class=\\"screen-line__currency\\"
              >
-               ₽
+               $
              </p>
            </span>
            <div
              class=\\"select\\"
            >"
`;
