// Jest Snapshot v1, https://goo.gl/fbAQLP

exports[`SwapButton test check the onClick the swapButton 1`] = `
"Snapshot Diff:
- First value
+ Second value

@@ -272,11 +272,11 @@
                0
              </p>
              <p
                class=\\"screen-line__currency\\"
              >
-               $
+               ₽
              </p>
            </span>
            <div
              class=\\"select\\"
            >
@@ -300,11 +300,11 @@
                0
              </p>
              <p
                class=\\"screen-line__currency\\"
              >
-               ₽
+               $
              </p>
            </span>
            <div
              class=\\"select\\"
            >"
`;
